# Run after pushing the image, with these set:
#   EXCALIBASE_TOKEN  a write token bound to this project, kept as a CI secret
#   IMAGE             the pushed image, best by digest: registry.example.com/team/web@sha256:...
#   COMMIT_SHA        the commit the image was built from
# It answers once the deploy is live, and fails the step when it is not.
curl --fail-with-body -sS -X POST "https://app.example.test/api/projects/proj-a/apps/web/deploy?wait=true" \
  -H "Authorization: Bearer $EXCALIBASE_TOKEN" \
  -H "Content-Type: application/json" \
  -d "{\"image\":\"$IMAGE\",\"commitSha\":\"$COMMIT_SHA\"}"
