pipeline {
  agent any
  options {
    disableConcurrentBuilds()
  }
  environment {
    IMAGE_REPOSITORY = 'ghcr.io/acme/web'
    EXCALIBASE_TOKEN = credentials('excalibase-token')
  }
  stages {
    stage('Build, push and deploy') {
      steps {
        withCredentials([usernamePassword(credentialsId: 'registry', usernameVariable: 'REGISTRY_USERNAME', passwordVariable: 'REGISTRY_PASSWORD')]) {
          sh '''
            echo "$REGISTRY_PASSWORD" | docker login -u "$REGISTRY_USERNAME" --password-stdin ghcr.io
            docker build -t "$IMAGE_REPOSITORY:$GIT_COMMIT" .
            docker push "$IMAGE_REPOSITORY:$GIT_COMMIT"
            IMAGE="$(docker inspect --format='{{range .RepoDigests}}{{println .}}{{end}}' "$IMAGE_REPOSITORY:$GIT_COMMIT" | grep "^$IMAGE_REPOSITORY@" | head -n 1)"
            curl --fail-with-body -sS -X POST "https://app.example.test/api/projects/proj-a/apps/web/deploy?wait=true" \\
              -H "Authorization: Bearer $EXCALIBASE_TOKEN" \\
              -H "Content-Type: application/json" \\
              -d "{\\"image\\":\\"$IMAGE\\",\\"commitSha\\":\\"$GIT_COMMIT\\"}"
          '''
        }
      }
    }
  }
}
